// Jest Snapshot v1, https://goo.gl/fbAQLP

exports[`Product takes snapshot 1`] = `
<div>
  <p>
    Price: Â£70
  </p>
  <form
    className="my-1"
    onSubmit={[Function]}
  >
    <div
      className="form-group row"
    >
      <label
        className="col-xs-3 col-sm-3 col-md-3 col-lg-3 col-form-label"
        htmlFor="color"
      >
        Color:
      </label>
      <div
        className="col-xs-9 col-sm-9 col-md-9 col-lg-9"
      >
        <select
          className="form-control"
          onChange={[Function]}
          value="red"
        >
          <option
            value="red"
          >
            Red
          </option>
          <option
            value="green"
          >
            Green
          </option>
        </select>
      </div>
    </div>
    <div
      className="form-group row"
    >
      <label
        className="col-xs-3 col-sm-3 col-md-3 col-lg-3 col-form-label"
        htmlFor="product-quantity"
      >
        Quantity:
      </label>
      <div
        className="col-xs-9 col-sm-9 col-md-9 col-lg-9"
      >
        <input
          className="form-control"
          onChange={[Function]}
          type="number"
          value={1}
        />
      </div>
    </div>
    <div
      className="form-group row"
    >
      <div
        className="col-xs-12 col-sm-12 col-md-8 col-lg-6 col-xl-6 m-auto"
      >
        <button
          className="btn btn-success btn-block"
          disabled={false}
          role="button"
          type="submit"
        >
          <i
            className="fa fa-cart-plus mx-1"
          />
          Add to my cart :)
        </button>
        <a />
      </div>
    </div>
  </form>
</div>
`;
